../Core/Src/main.c:78:5:main	8	static
../Core/Src/main.c:128:6:SystemClock_Config	72	static
../Core/Src/main.c:165:13:MX_SPI1_Init	8	static
../Core/Src/main.c:203:13:MX_TIM1_Init	96	static
../Core/Src/main.c:278:13:MX_TIM2_Init	32	static
../Core/Src/main.c:326:13:MX_USART2_UART_Init	8	static
../Core/Src/main.c:359:13:MX_WWDG_Init	8	static
../Core/Src/main.c:387:13:MX_DMA_Init	16	static
../Core/Src/main.c:405:13:MX_GPIO_Init	40	static
../Core/Src/main.c:435:6:Error_Handler	4	static,ignoring_inline_asm
