../Core/Src/main.c:112:8:rfid_read_tag	16	static
../Core/Src/main.c:74:5:main	16	static
../Core/Src/main.c:122:11:rfid_get_read_tag_result	16	static
../Core/Src/main.c:135:11:rfid_tx_rx_byte	24	static
../Core/Src/main.c:148:8:rfid_start_read_tag	24	static
../Core/Src/main.c:156:10:rfid_end_read_tag	16	static
../Core/Src/main.c:328:9:rfid_process	32	static
../Core/Src/main.c:992:6:HAL_GPIO_EXTI_Callback	16	static
../Core/Src/main.c:1005:6:HAL_TIM_IC_CaptureCallback	24	static
../Core/Src/main.c:1042:6:SystemClock_Config	72	static
../Core/Src/main.c:1079:13:MX_SPI1_Init	8	static
../Core/Src/main.c:1117:13:MX_TIM1_Init	96	static
../Core/Src/main.c:1192:13:MX_TIM2_Init	32	static
../Core/Src/main.c:1240:13:MX_WWDG_Init	8	static
../Core/Src/main.c:1270:13:MX_GPIO_Init	40	static
../Core/Src/main.c:1302:6:Error_Handler	4	static,ignoring_inline_asm
