Archive member included to satisfy reference by file (symbol)

f:/stm32cubeide_1.12.0/stm32cubeide/plugins/com.st.stm32cube.ide.mcu.externaltools.gnu-tools-for-stm32.10.3-2021.10.win32_1.0.200.202301161003/tools/bin/../lib/gcc/arm-none-eabi/10.3.1/../../../../arm-none-eabi/lib/thumb/v7e-m+fp/hard\libc_nano.a(lib_a-errno.o)
                              ./Core/Src/syscalls.o (__errno)
f:/stm32cubeide_1.12.0/stm32cubeide/plugins/com.st.stm32cube.ide.mcu.externaltools.gnu-tools-for-stm32.10.3-2021.10.win32_1.0.200.202301161003/tools/bin/../lib/gcc/arm-none-eabi/10.3.1/../../../../arm-none-eabi/lib/thumb/v7e-m+fp/hard\libc_nano.a(lib_a-exit.o)
                              f:/stm32cubeide_1.12.0/stm32cubeide/plugins/com.st.stm32cube.ide.mcu.externaltools.gnu-tools-for-stm32.10.3-2021.10.win32_1.0.200.202301161003/tools/bin/../lib/gcc/arm-none-eabi/10.3.1/../../../../arm-none-eabi/lib/thumb/v7e-m+fp/hard/crt0.o (exit)
f:/stm32cubeide_1.12.0/stm32cubeide/plugins/com.st.stm32cube.ide.mcu.externaltools.gnu-tools-for-stm32.10.3-2021.10.win32_1.0.200.202301161003/tools/bin/../lib/gcc/arm-none-eabi/10.3.1/../../../../arm-none-eabi/lib/thumb/v7e-m+fp/hard\libc_nano.a(lib_a-impure.o)
                              f:/stm32cubeide_1.12.0/stm32cubeide/plugins/com.st.stm32cube.ide.mcu.externaltools.gnu-tools-for-stm32.10.3-2021.10.win32_1.0.200.202301161003/tools/bin/../lib/gcc/arm-none-eabi/10.3.1/../../../../arm-none-eabi/lib/thumb/v7e-m+fp/hard\libc_nano.a(lib_a-exit.o) (_global_impure_ptr)
f:/stm32cubeide_1.12.0/stm32cubeide/plugins/com.st.stm32cube.ide.mcu.externaltools.gnu-tools-for-stm32.10.3-2021.10.win32_1.0.200.202301161003/tools/bin/../lib/gcc/arm-none-eabi/10.3.1/../../../../arm-none-eabi/lib/thumb/v7e-m+fp/hard\libc_nano.a(lib_a-init.o)
                              f:/stm32cubeide_1.12.0/stm32cubeide/plugins/com.st.stm32cube.ide.mcu.externaltools.gnu-tools-for-stm32.10.3-2021.10.win32_1.0.200.202301161003/tools/bin/../lib/gcc/arm-none-eabi/10.3.1/../../../../arm-none-eabi/lib/thumb/v7e-m+fp/hard/crt0.o (__libc_init_array)
f:/stm32cubeide_1.12.0/stm32cubeide/plugins/com.st.stm32cube.ide.mcu.externaltools.gnu-tools-for-stm32.10.3-2021.10.win32_1.0.200.202301161003/tools/bin/../lib/gcc/arm-none-eabi/10.3.1/../../../../arm-none-eabi/lib/thumb/v7e-m+fp/hard\libc_nano.a(lib_a-memset.o)
                              f:/stm32cubeide_1.12.0/stm32cubeide/plugins/com.st.stm32cube.ide.mcu.externaltools.gnu-tools-for-stm32.10.3-2021.10.win32_1.0.200.202301161003/tools/bin/../lib/gcc/arm-none-eabi/10.3.1/../../../../arm-none-eabi/lib/thumb/v7e-m+fp/hard/crt0.o (memset)
f:/stm32cubeide_1.12.0/stm32cubeide/plugins/com.st.stm32cube.ide.mcu.externaltools.gnu-tools-for-stm32.10.3-2021.10.win32_1.0.200.202301161003/tools/bin/../lib/gcc/arm-none-eabi/10.3.1/thumb/v7e-m+fp/hard\libgcc.a(_aeabi_uldivmod.o)
                              ./Drivers/STM32G4xx_HAL_Driver/Src/stm32g4xx_hal_uart.o (__aeabi_uldivmod)
f:/stm32cubeide_1.12.0/stm32cubeide/plugins/com.st.stm32cube.ide.mcu.externaltools.gnu-tools-for-stm32.10.3-2021.10.win32_1.0.200.202301161003/tools/bin/../lib/gcc/arm-none-eabi/10.3.1/thumb/v7e-m+fp/hard\libgcc.a(_udivmoddi4.o)
                              f:/stm32cubeide_1.12.0/stm32cubeide/plugins/com.st.stm32cube.ide.mcu.externaltools.gnu-tools-for-stm32.10.3-2021.10.win32_1.0.200.202301161003/tools/bin/../lib/gcc/arm-none-eabi/10.3.1/thumb/v7e-m+fp/hard\libgcc.a(_aeabi_uldivmod.o) (__udivmoddi4)
f:/stm32cubeide_1.12.0/stm32cubeide/plugins/com.st.stm32cube.ide.mcu.externaltools.gnu-tools-for-stm32.10.3-2021.10.win32_1.0.200.202301161003/tools/bin/../lib/gcc/arm-none-eabi/10.3.1/thumb/v7e-m+fp/hard\libgcc.a(_dvmd_tls.o)
                              f:/stm32cubeide_1.12.0/stm32cubeide/plugins/com.st.stm32cube.ide.mcu.externaltools.gnu-tools-for-stm32.10.3-2021.10.win32_1.0.200.202301161003/tools/bin/../lib/gcc/arm-none-eabi/10.3.1/thumb/v7e-m+fp/hard\libgcc.a(_aeabi_uldivmod.o) (__aeabi_ldiv0)

Discarded input sections

 .text          0x0000000000000000        0x0 f:/stm32cubeide_1.12.0/stm32cubeide/plugins/com.st.stm32cube.ide.mcu.externaltools.gnu-tools-for-stm32.10.3-2021.10.win32_1.0.200.202301161003/tools/bin/../lib/gcc/arm-none-eabi/10.3.1/thumb/v7e-m+fp/hard/crti.o
 .data          0x0000000000000000        0x0 f:/stm32cubeide_1.12.0/stm32cubeide/plugins/com.st.stm32cube.ide.mcu.externaltools.gnu-tools-for-stm32.10.3-2021.10.win32_1.0.200.202301161003/tools/bin/../lib/gcc/arm-none-eabi/10.3.1/thumb/v7e-m+fp/hard/crti.o
 .bss           0x0000000000000000        0x0 f:/stm32cubeide_1.12.0/stm32cubeide/plugins/com.st.stm32cube.ide.mcu.externaltools.gnu-tools-for-stm32.10.3-2021.10.win32_1.0.200.202301161003/tools/bin/../lib/gcc/arm-none-eabi/10.3.1/thumb/v7e-m+fp/hard/crti.o
[...]
Memory Configuration

Name             Origin             Length             Attributes
RAM              0x0000000020000000 0x0000000000020000 xrw
FLASH            0x0000000008000000 0x0000000000080000 xr
*default*        0x0000000000000000 0xffffffffffffffff

Linker script and memory map

LOAD f:/stm32cubeide_1.12.0/stm32cubeide/plugins/com.st.stm32cube.ide.mcu.externaltools.gnu-tools-for-stm32.10.3-2021.10.win32_1.0.200.202301161003/tools/bin/../lib/gcc/arm-none-eabi/10.3.1/thumb/v7e-m+fp/hard/crti.o
LOAD f:/stm32cubeide_1.12.0/stm32cubeide/plugins/com.st.stm32cube.ide.mcu.externaltools.gnu-tools-for-stm32.10.3-2021.10.win32_1.0.200.202301161003/tools/bin/../lib/gcc/arm-none-eabi/10.3.1/thumb/v7e-m+fp/hard/crtbegin.o
LOAD f:/stm32cubeide_1.12.0/stm32cubeide/plugins/com.st.stm32cube.ide.mcu.externaltools.gnu-tools-for-stm32.10.3-2021.10.win32_1.0.200.202301161003/tools/bin/../lib/gcc/arm-none-eabi/10.3.1/../../../../arm-none-eabi/lib/thumb/v7e-m+fp/hard/crt0.o
LOAD ./Core/Src/main.o
LOAD ./Core/Src/stm32g4xx_hal_msp.o
LOAD ./Core/Src/stm32g4xx_it.o
LOAD ./Core/Src/syscalls.o
LOAD ./Core/Src/sysmem.o
LOAD ./Core/Src/system_stm32g4xx.o
LOAD ./Core/Startup/startup_stm32g474retx.o
LOAD ./Drivers/STM32G4xx_HAL_Driver/Src/stm32g4xx_hal.o
LOAD ./Drivers/STM32G4xx_HAL_Driver/Src/stm32g4xx_hal_cortex.o
LOAD ./Drivers/STM32G4xx_HAL_Driver/Src/stm32g4xx_hal_dma.o
LOAD ./Drivers/STM32G4xx_HAL_Driver/Src/stm32g4xx_hal_dma_ex.o
LOAD ./Drivers/STM32G4xx_HAL_Driver/Src/stm32g4xx_hal_exti.o
LOAD ./Drivers/STM32G4xx_HAL_Driver/Src/stm32g4xx_hal_flash.o
LOAD ./Drivers/STM32G4xx_HAL_Driver/Src/stm32g4xx_hal_flash_ex.o
LOAD ./Drivers/STM32G4xx_HAL_Driver/Src/stm32g4xx_hal_flash_ramfunc.o
LOAD ./Drivers/STM32G4xx_HAL_Driver/Src/stm32g4xx_hal_gpio.o
LOAD ./Drivers/STM32G4xx_HAL_Driver/Src/stm32g4xx_hal_pwr.o
LOAD ./Drivers/STM32G4xx_HAL_Driver/Src/stm32g4xx_hal_pwr_ex.o
LOAD ./Drivers/STM32G4xx_HAL_Driver/Src/stm32g4xx_hal_rcc.o
LOAD ./Drivers/STM32G4xx_HAL_Driver/Src/stm32g4xx_hal_rcc_ex.o
LOAD ./Drivers/STM32G4xx_HAL_Driver/Src/stm32g4xx_hal_spi.o
LOAD ./Drivers/STM32G4xx_HAL_Driver/Src/stm32g4xx_hal_spi_ex.o
LOAD ./Drivers/STM32G4xx_HAL_Driver/Src/stm32g4xx_hal_tim.o
LOAD ./Drivers/STM32G4xx_HAL_Driver/Src/stm32g4xx_hal_tim_ex.o
LOAD ./Drivers/STM32G4xx_HAL_Driver/Src/stm32g4xx_hal_uart.o
LOAD ./Drivers/STM32G4xx_HAL_Driver/Src/stm32g4xx_hal_uart_ex.o
START GROUP
LOAD f:/stm32cubeide_1.12.0/stm32cubeide/plugins/com.st.stm32cube.ide.mcu.externaltools.gnu-tools-for-stm32.10.3-2021.10.win32_1.0.200.202301161003/tools/bin/../lib/gcc/arm-none-eabi/10.3.1/../../../../arm-none-eabi/lib/thumb/v7e-m+fp/hard\libstdc++_nano.a
LOAD f:/stm32cubeide_1.12.0/stm32cubeide/plugins/com.st.stm32cube.ide.mcu.externaltools.gnu-tools-for-stm32.10.3-2021.10.win32_1.0.200.202301161003/tools/bin/../lib/gcc/arm-none-eabi/10.3.1/../../../../arm-none-eabi/lib/thumb/v7e-m+fp/hard\libsupc++_nano.a
END GROUP
LOAD f:/stm32cubeide_1.12.0/stm32cubeide/plugins/com.st.stm32cube.ide.mcu.externaltools.gnu-tools-for-stm32.10.3-2021.10.win32_1.0.200.202301161003/tools/bin/../lib/gcc/arm-none-eabi/10.3.1/../../../../arm-none-eabi/lib/thumb/v7e-m+fp/hard\libstdc++_nano.a
LOAD f:/stm32cubeide_1.12.0/stm32cubeide/plugins/com.st.stm32cube.ide.mcu.externaltools.gnu-tools-for-stm32.10.3-2021.10.win32_1.0.200.202301161003/tools/bin/../lib/gcc/arm-none-eabi/10.3.1/../../../../arm-none-eabi/lib/thumb/v7e-m+fp/hard\libm.a
LOAD f:/stm32cubeide_1.12.0/stm32cubeide/plugins/com.st.stm32cube.ide.mcu.externaltools.gnu-tools-for-stm32.10.3-2021.10.win32_1.0.200.202301161003/tools/bin/../lib/gcc/arm-none-eabi/10.3.1/../../../../arm-none-eabi/lib/thumb/v7e-m+fp/hard\libc_nano.a
START GROUP
LOAD f:/stm32cubeide_1.12.0/stm32cubeide/plugins/com.st.stm32cube.ide.mcu.externaltools.gnu-tools-for-stm32.10.3-2021.10.win32_1.0.200.202301161003/tools/bin/../lib/gcc/arm-none-eabi/10.3.1/thumb/v7e-m+fp/hard\libgcc.a
LOAD f:/stm32cubeide_1.12.0/stm32cubeide/plugins/com.st.stm32cube.ide.mcu.externaltools.gnu-tools-for-stm32.10.3-2021.10.win32_1.0.200.202301161003/tools/bin/../lib/gcc/arm-none-eabi/10.3.1/../../../../arm-none-eabi/lib/thumb/v7e-m+fp/hard\libc_nano.a
END GROUP
START GROUP
LOAD f:/stm32cubeide_1.12.0/stm32cubeide/plugins/com.st.stm32cube.ide.mcu.externaltools.gnu-tools-for-stm32.10.3-2021.10.win32_1.0.200.202301161003/tools/bin/../lib/gcc/arm-none-eabi/10.3.1/thumb/v7e-m+fp/hard\libgcc.a
LOAD f:/stm32cubeide_1.12.0/stm32cubeide/plugins/com.st.stm32cube.ide.mcu.externaltools.gnu-tools-for-stm32.10.3-2021.10.win32_1.0.200.202301161003/tools/bin/../lib/gcc/arm-none-eabi/10.3.1/../../../../arm-none-eabi/lib/thumb/v7e-m+fp/hard\libc_nano.a
LOAD f:/stm32cubeide_1.12.0/stm32cubeide/plugins/com.st.stm32cube.ide.mcu.externaltools.gnu-tools-for-stm32.10.3-2021.10.win32_1.0.200.202301161003/tools/bin/../lib/gcc/arm-none-eabi/10.3.1/../../../../arm-none-eabi/lib/thumb/v7e-m+fp/hard\libnosys.a
END GROUP
START GROUP
LOAD f:/stm32cubeide_1.12.0/stm32cubeide/plugins/com.st.stm32cube.ide.mcu.externaltools.gnu-tools-for-stm32.10.3-2021.10.win32_1.0.200.202301161003/tools/bin/../lib/gcc/arm-none-eabi/10.3.1/thumb/v7e-m+fp/hard\libgcc.a
LOAD f:/stm32cubeide_1.12.0/stm32cubeide/plugins/com.st.stm32cube.ide.mcu.externaltools.gnu-tools-for-stm32.10.3-2021.10.win32_1.0.200.202301161003/tools/bin/../lib/gcc/arm-none-eabi/10.3.1/../../../../arm-none-eabi/lib/thumb/v7e-m+fp/hard\libc_nano.a
LOAD f:/stm32cubeide_1.12.0/stm32cubeide/plugins/com.st.stm32cube.ide.mcu.externaltools.gnu-tools-for-stm32.10.3-2021.10.win32_1.0.200.202301161003/tools/bin/../lib/gcc/arm-none-eabi/10.3.1/../../../../arm-none-eabi/lib/thumb/v7e-m+fp/hard\libnosys.a
END GROUP
LOAD f:/stm32cubeide_1.12.0/stm32cubeide/plugins/com.st.stm32cube.ide.mcu.externaltools.gnu-tools-for-stm32.10.3-2021.10.win32_1.0.200.202301161003/tools/bin/../lib/gcc/arm-none-eabi/10.3.1/thumb/v7e-m+fp/hard/crtend.o
LOAD f:/stm32cubeide_1.12.0/stm32cubeide/plugins/com.st.stm32cube.ide.mcu.externaltools.gnu-tools-for-stm32.10.3-2021.10.win32_1.0.200.202301161003/tools/bin/../lib/gcc/arm-none-eabi/10.3.1/thumb/v7e-m+fp/hard/crtn.o
                0x0000000020020000                _estack = (ORIGIN (RAM) + LENGTH (RAM))
                0x0000000000000200                _Min_Heap_Size = 0x200
                0x0000000000000400                _Min_Stack_Size = 0x400

.isr_vector     0x0000000008000000      0x1d8
                0x0000000008000000                . = ALIGN (0x4)
 *(.isr_vector)
 .isr_vector    0x0000000008000000      0x1d8 ./Core/Startup/startup_stm32g474retx.o
                0x0000000008000000                g_pfnVectors
                0x00000000080001d8                . = ALIGN (0x4)

.text           0x00000000080001d8     0x5658
                0x00000000080001d8                . = ALIGN (0x4)
 *(.text)
 .text          0x00000000080001d8       0x40 f:/stm32cubeide_1.12.0/stm32cubeide/plugins/com.st.stm32cube.ide.mcu.externaltools.gnu-tools-for-stm32.10.3-2021.10.win32_1.0.200.202301161003/tools/bin/../lib/gcc/arm-none-eabi/10.3.1/thumb/v7e-m+fp/hard/crtbegin.o
 .text          0x0000000008000218       0x30 f:/stm32cubeide_1.12.0/stm32cubeide/plugins/com.st.stm32cube.ide.mcu.externaltools.gnu-tools-for-stm32.10.3-2021.10.win32_1.0.200.202301161003/tools/bin/../lib/gcc/arm-none-eabi/10.3.1/thumb/v7e-m+fp/hard\libgcc.a(_aeabi_uldivmod.o)
                0x0000000008000218                __aeabi_uldivmod
 .text          0x0000000008000248      0x2d0 f:/stm32cubeide_1.12.0/stm32cubeide/plugins/com.st.stm32cube.ide.mcu.externaltools.gnu-tools-for-stm32.10.3-2021.10.win32_1.0.200.202301161003/tools/bin/../lib/gcc/arm-none-eabi/10.3.1/thumb/v7e-m+fp/hard\libgcc.a(_udivmoddi4.o)
                0x0000000008000248                __udivmoddi4
 .text          0x0000000008000518        0x4 f:/stm32cubeide_1.12.0/stm32cubeide/plugins/com.st.stm32cube.ide.mcu.externaltools.gnu-tools-for-stm32.10.3-2021.10.win32_1.0.200.202301161003/tools/bin/../lib/gcc/arm-none-eabi/10.3.1/thumb/v7e-m+fp/hard\libgcc.a(_dvmd_tls.o)
                0x0000000008000518                __aeabi_idiv0
                0x0000000008000518                __aeabi_ldiv0
 *(.text*)
 .text.rfid_read_tag.4
                0x000000000800051c       0x20 ./Core/Src/main.o
 .text.main     0x000000000800053c       0xbc ./Core/Src/main.o
                0x000000000800053c                main
 .text.rfid_get_read_tag_result.5
                0x00000000080005f8       0x44 ./Core/Src/main.o
 .text.rfid_tx_rx_byte.1
                0x000000000800063c       0x48 ./Core/Src/main.o
 .text.rfid_start_read_tag.2
                0x0000000008000684       0x28 ./Core/Src/main.o
 .text.rfid_end_read_tag.3
                0x00000000080006ac       0x20 ./Core/Src/main.o
 .text.rfid_process.0
                0x00000000080006cc      0x2d8 ./Core/Src/main.o
 .text.SystemClock_Config
                0x00000000080009a4       0x80 ./Core/Src/main.o
                0x00000000080009a4                SystemClock_Config
 .text.MX_SPI1_Init
                0x0000000008000a24       0x7c ./Core/Src/main.o
 .text.MX_TIM1_Init
                0x0000000008000aa0       0xa4 ./Core/Src/main.o
 .text.MX_USART2_UART_Init
                0x0000000008000b44       0x98 ./Core/Src/main.o
 .text.MX_DMA_Init
                0x0000000008000bdc       0x54 ./Core/Src/main.o
 .text.MX_GPIO_Init
                0x0000000008000c30       0xa4 ./Core/Src/main.o
 .text.Error_Handler
                0x0000000008000cd4        0xa ./Core/Src/main.o
                0x0000000008000cd4                Error_Handler
 *fill*         0x0000000008000cde        0x2 
 .text.HAL_MspInit
                0x0000000008000ce0       0x48 ./Core/Src/stm32g4xx_hal_msp.o
                0x0000000008000ce0                HAL_MspInit
 .text.HAL_SPI_MspInit
                0x0000000008000d28       0x98 ./Core/Src/stm32g4xx_hal_msp.o
                0x0000000008000d28                HAL_SPI_MspInit
 .text.HAL_TIM_Base_MspInit
                0x0000000008000dc0       0x40 ./Core/Src/stm32g4xx_hal_msp.o
                0x0000000008000dc0                HAL_TIM_Base_MspInit
 .text.HAL_UART_MspInit
                0x0000000008000e00      0x118 ./Core/Src/stm32g4xx_hal_msp.o
                0x0000000008000e00                HAL_UART_MspInit
 .text.NMI_Handler
                0x0000000008000f18        0x6 ./Core/Src/stm32g4xx_it.o
                0x0000000008000f18                NMI_Handler
 .text.HardFault_Handler
                0x0000000008000f1e        0x6 ./Core/Src/stm32g4xx_it.o
                0x0000000008000f1e                HardFault_Handler
 .text.MemManage_Handler
                0x0000000008000f24        0x6 ./Core/Src/stm32g4xx_it.o
                0x0000000008000f24                MemManage_Handler
 .text.BusFault_Handler
                0x0000000008000f2a        0x6 ./Core/Src/stm32g4xx_it.o
                0x0000000008000f2a                BusFault_Handler
 .text.UsageFault_Handler
                0x0000000008000f30        0x6 ./Core/Src/stm32g4xx_it.o
                0x0000000008000f30                UsageFault_Handler
 .text.SVC_Handler
                0x0000000008000f36        0xe ./Core/Src/stm32g4xx_it.o
                0x0000000008000f36                SVC_Handler
 .text.DebugMon_Handler
                0x0000000008000f44        0xe ./Core/Src/stm32g4xx_it.o
                0x0000000008000f44                DebugMon_Handler
 .text.PendSV_Handler
                0x0000000008000f52        0xe ./Core/Src/stm32g4xx_it.o
                0x0000000008000f52                PendSV_Handler
 .text.SysTick_Handler
                0x0000000008000f60        0xc ./Core/Src/stm32g4xx_it.o
                0x0000000008000f60                SysTick_Handler
 .text.DMA1_Channel1_IRQHandler
                0x0000000008000f6c       0x14 ./Core/Src/stm32g4xx_it.o
                0x0000000008000f6c                DMA1_Channel1_IRQHandler
 .text.SPI1_IRQHandler
                0x0000000008000f80       0x14 ./Core/Src/stm32g4xx_it.o
                0x0000000008000f80                SPI1_IRQHandler
 .text.USART2_IRQHandler
                0x0000000008000f94       0x14 ./Core/Src/stm32g4xx_it.o
                0x0000000008000f94                USART2_IRQHandler
 .text.SystemInit
                0x0000000008000fa8       0x24 ./Core/Src/system_stm32g4xx.o
                0x0000000008000fa8                SystemInit
 .text.Reset_Handler
                0x0000000008000fcc       0x50 ./Core/Startup/startup_stm32g474retx.o
                0x0000000008000fcc                Reset_Handler
 .text.Default_Handler
                0x000000000800101c        0x2 ./Core/Startup/startup_stm32g474retx.o
                0x000000000800101c                RTC_Alarm_IRQHandler
                0x000000000800101c                EXTI2_IRQHandler
                0x000000000800101c                TIM8_TRG_COM_IRQHandler
                0x000000000800101c                TIM8_CC_IRQHandler
                0x000000000800101c                HRTIM1_Master_IRQHandler
                0x000000000800101c                SPI4_IRQHandler
                0x000000000800101c                FDCAN3_IT0_IRQHandler
                0x000000000800101c                TIM1_CC_IRQHandler
                0x000000000800101c                HRTIM1_FLT_IRQHandler
                0x000000000800101c                HRTIM1_TIMF_IRQHandler
                0x000000000800101c                USB_HP_IRQHandler
                0x000000000800101c                CORDIC_IRQHandler
                0x000000000800101c                HRTIM1_TIMD_IRQHandler
                0x000000000800101c                DMA2_Channel8_IRQHandler
                0x000000000800101c                EXTI3_IRQHandler
                0x000000000800101c                I2C3_ER_IRQHandler
                0x000000000800101c                EXTI0_IRQHandler
                0x000000000800101c                I2C2_EV_IRQHandler
                0x000000000800101c                FPU_IRQHandler
                0x000000000800101c                FDCAN1_IT1_IRQHandler
                0x000000000800101c                TIM1_UP_TIM16_IRQHandler
                0x000000000800101c                ADC1_2_IRQHandler
                0x000000000800101c                HRTIM1_TIME_IRQHandler
                0x000000000800101c                TIM6_DAC_IRQHandler
                0x000000000800101c                HRTIM1_TIMC_IRQHandler
                0x000000000800101c                TIM8_UP_IRQHandler
                0x000000000800101c                DMA2_Channel2_IRQHandler
                0x000000000800101c                DMA1_Channel4_IRQHandler
                0x000000000800101c                TIM20_TRG_COM_IRQHandler
                0x000000000800101c                USART3_IRQHandler
                0x000000000800101c                DMA1_Channel7_IRQHandler
                0x000000000800101c                UART5_IRQHandler
                0x000000000800101c                ADC3_IRQHandler
                0x000000000800101c                TIM4_IRQHandler
                0x000000000800101c                DMA2_Channel1_IRQHandler
                0x000000000800101c                QUADSPI_IRQHandler
                0x000000000800101c                I2C1_EV_IRQHandler
                0x000000000800101c                DMA1_Channel6_IRQHandler
                0x000000000800101c                UART4_IRQHandler
                0x000000000800101c                DMA2_Channel4_IRQHandler
                0x000000000800101c                TIM3_IRQHandler
                0x000000000800101c                RCC_IRQHandler
                0x000000000800101c                TIM20_UP_IRQHandler
                0x000000000800101c                Default_Handler
                0x000000000800101c                DMA2_Channel7_IRQHandler
                0x000000000800101c                RTC_TAMP_LSECSS_IRQHandler
                0x000000000800101c                FMAC_IRQHandler
                0x000000000800101c                EXTI15_10_IRQHandler
                0x000000000800101c                DMA1_Channel8_IRQHandler
                0x000000000800101c                HRTIM1_TIMA_IRQHandler
                0x000000000800101c                TIM7_DAC_IRQHandler
                0x000000000800101c                FDCAN3_IT1_IRQHandler
                0x000000000800101c                TIM5_IRQHandler
                0x000000000800101c                UCPD1_IRQHandler
                0x000000000800101c                I2C3_EV_IRQHandler
                0x000000000800101c                EXTI9_5_IRQHandler
                0x000000000800101c                RTC_WKUP_IRQHandler
                0x000000000800101c                PVD_PVM_IRQHandler
                0x000000000800101c                SPI2_IRQHandler
                0x000000000800101c                ADC5_IRQHandler
                0x000000000800101c                DMA2_Channel5_IRQHandler
                0x000000000800101c                CRS_IRQHandler
                0x000000000800101c                DMA1_Channel5_IRQHandler
                0x000000000800101c                USB_LP_IRQHandler
                0x000000000800101c                EXTI4_IRQHandler
                0x000000000800101c                RNG_IRQHandler
                0x000000000800101c                HRTIM1_TIMB_IRQHandler
                0x000000000800101c                TIM1_TRG_COM_TIM17_IRQHandler
                0x000000000800101c                FDCAN2_IT1_IRQHandler
                0x000000000800101c                DMA1_Channel3_IRQHandler
                0x000000000800101c                ADC4_IRQHandler
                0x000000000800101c                WWDG_IRQHandler
                0x000000000800101c                I2C4_EV_IRQHandler
                0x000000000800101c                FDCAN2_IT0_IRQHandler
                0x000000000800101c                LPUART1_IRQHandler
                0x000000000800101c                DMA2_Channel6_IRQHandler
                0x000000000800101c                FDCAN1_IT0_IRQHandler
                0x000000000800101c                TIM2_IRQHandler
                0x000000000800101c                COMP7_IRQHandler
                0x000000000800101c                COMP1_2_3_IRQHandler
                0x000000000800101c                EXTI1_IRQHandler
                0x000000000800101c                COMP4_5_6_IRQHandler
                0x000000000800101c                TIM20_BRK_IRQHandler
                0x000000000800101c                I2C2_ER_IRQHandler
                0x000000000800101c                DMA1_Channel2_IRQHandler
                0x000000000800101c                TIM8_BRK_IRQHandler
                0x000000000800101c                FLASH_IRQHandler
                0x000000000800101c                TIM20_CC_IRQHandler
                0x000000000800101c                USART1_IRQHandler
                0x000000000800101c                SPI3_IRQHandler
                0x000000000800101c                I2C1_ER_IRQHandler
                0x000000000800101c                FMC_IRQHandler
                0x000000000800101c                LPTIM1_IRQHandler
                0x000000000800101c                DMAMUX_OVR_IRQHandler
                0x000000000800101c                I2C4_ER_IRQHandler
                0x000000000800101c                USBWakeUp_IRQHandler
                0x000000000800101c                SAI1_IRQHandler
                0x000000000800101c                DMA2_Channel3_IRQHandler
                0x000000000800101c                TIM1_BRK_TIM15_IRQHandler
 .text.HAL_Init
                0x000000000800101e       0x30 ./Drivers/STM32G4xx_HAL_Driver/Src/stm32g4xx_hal.o
                0x000000000800101e                HAL_Init
 *fill*         0x000000000800104e        0x2 
 .text.HAL_InitTick
                0x0000000008001050       0x74 ./Drivers/STM32G4xx_HAL_Driver/Src/stm32g4xx_hal.o
                0x0000000008001050                HAL_InitTick
 .text.HAL_IncTick
                0x00000000080010c4       0x24 ./Drivers/STM32G4xx_HAL_Driver/Src/stm32g4xx_hal.o
                0x00000000080010c4                HAL_IncTick
 .text.HAL_GetTick
                0x00000000080010e8       0x18 ./Drivers/STM32G4xx_HAL_Driver/Src/stm32g4xx_hal.o
                0x00000000080010e8                HAL_GetTick
 .text.HAL_Delay
                0x0000000008001100       0x44 ./Drivers/STM32G4xx_HAL_Driver/Src/stm32g4xx_hal.o
                0x0000000008001100                HAL_Delay
 .text.__NVIC_SetPriorityGrouping
                0x0000000008001144       0x48 ./Drivers/STM32G4xx_HAL_Driver/Src/stm32g4xx_hal_cortex.o
 .text.__NVIC_GetPriorityGrouping
                0x000000000800118c       0x1c ./Drivers/STM32G4xx_HAL_Driver/Src/stm32g4xx_hal_cortex.o
 .text.__NVIC_EnableIRQ
                0x00000000080011a8       0x3c ./Drivers/STM32G4xx_HAL_Driver/Src/stm32g4xx_hal_cortex.o
 .text.__NVIC_DisableIRQ
                0x00000000080011e4       0x48 ./Drivers/STM32G4xx_HAL_Driver/Src/stm32g4xx_hal_cortex.o
 .text.__NVIC_SetPriority
                0x000000000800122c       0x54 ./Drivers/STM32G4xx_HAL_Driver/Src/stm32g4xx_hal_cortex.o
 .text.NVIC_EncodePriority
                0x0000000008001280       0x66 ./Drivers/STM32G4xx_HAL_Driver/Src/stm32g4xx_hal_cortex.o
 *fill*         0x00000000080012e6        0x2 
 .text.SysTick_Config
                0x00000000080012e8       0x44 ./Drivers/STM32G4xx_HAL_Driver/Src/stm32g4xx_hal_cortex.o
 .text.HAL_NVIC_SetPriorityGrouping
                0x000000000800132c       0x16 ./Drivers/STM32G4xx_HAL_Driver/Src/stm32g4xx_hal_cortex.o
                0x000000000800132c                HAL_NVIC_SetPriorityGrouping
 .text.HAL_NVIC_SetPriority
                0x0000000008001342       0x34 ./Drivers/STM32G4xx_HAL_Driver/Src/stm32g4xx_hal_cortex.o
                0x0000000008001342                HAL_NVIC_SetPriority
 .text.HAL_NVIC_EnableIRQ
                0x0000000008001376       0x1c ./Drivers/STM32G4xx_HAL_Driver/Src/stm32g4xx_hal_cortex.o
                0x0000000008001376                HAL_NVIC_EnableIRQ
 .text.HAL_NVIC_DisableIRQ
                0x0000000008001392       0x1c ./Drivers/STM32G4xx_HAL_Driver/Src/stm32g4xx_hal_cortex.o
                0x0000000008001392                HAL_NVIC_DisableIRQ
 .text.HAL_SYSTICK_Config
                0x00000000080013ae       0x18 ./Drivers/STM32G4xx_HAL_Driver/Src/stm32g4xx_hal_cortex.o
                0x00000000080013ae                HAL_SYSTICK_Config
 *fill*         0x00000000080013c6        0x2 
 .text.HAL_DMA_Init
                0x00000000080013c8      0x150 ./Drivers/STM32G4xx_HAL_Driver/Src/stm32g4xx_hal_dma.o
                0x00000000080013c8                HAL_DMA_Init
 .text.HAL_DMA_Abort
                0x0000000008001518       0xb2 ./Drivers/STM32G4xx_HAL_Driver/Src/stm32g4xx_hal_dma.o
                0x0000000008001518                HAL_DMA_Abort
 .text.HAL_DMA_Abort_IT
                0x00000000080015ca       0xce ./Drivers/STM32G4xx_HAL_Driver/Src/stm32g4xx_hal_dma.o
                0x00000000080015ca                HAL_DMA_Abort_IT
 .text.HAL_DMA_IRQHandler
                0x0000000008001698      0x15e ./Drivers/STM32G4xx_HAL_Driver/Src/stm32g4xx_hal_dma.o
                0x0000000008001698                HAL_DMA_IRQHandler
 *fill*         0x00000000080017f6        0x2 
 .text.DMA_CalcDMAMUXChannelBaseAndMask
                0x00000000080017f8       0x7c ./Drivers/STM32G4xx_HAL_Driver/Src/stm32g4xx_hal_dma.o
 .text.DMA_CalcDMAMUXRequestGenBaseAndMask
                0x0000000008001874       0x48 ./Drivers/STM32G4xx_HAL_Driver/Src/stm32g4xx_hal_dma.o
 .text.HAL_GPIO_Init
                0x00000000080018bc      0x304 ./Drivers/STM32G4xx_HAL_Driver/Src/stm32g4xx_hal_gpio.o
                0x00000000080018bc                HAL_GPIO_Init
 .text.HAL_GPIO_WritePin
                0x0000000008001bc0       0x30 ./Drivers/STM32G4xx_HAL_Driver/Src/stm32g4xx_hal_gpio.o
                0x0000000008001bc0                HAL_GPIO_WritePin
 .text.HAL_PWREx_ControlVoltageScaling
                0x0000000008001bf0      0x148 ./Drivers/STM32G4xx_HAL_Driver/Src/stm32g4xx_hal_pwr_ex.o
                0x0000000008001bf0                HAL_PWREx_ControlVoltageScaling
 .text.HAL_RCC_OscConfig
                0x0000000008001d38      0x630 ./Drivers/STM32G4xx_HAL_Driver/Src/stm32g4xx_hal_rcc.o
                0x0000000008001d38                HAL_RCC_OscConfig
 .text.HAL_RCC_ClockConfig
                0x0000000008002368      0x278 ./Drivers/STM32G4xx_HAL_Driver/Src/stm32g4xx_hal_rcc.o
                0x0000000008002368                HAL_RCC_ClockConfig
 .text.HAL_RCC_GetSysClockFreq
                0x00000000080025e0       0xc4 ./Drivers/STM32G4xx_HAL_Driver/Src/stm32g4xx_hal_rcc.o
                0x00000000080025e0                HAL_RCC_GetSysClockFreq
 .text.HAL_RCC_GetHCLKFreq
                0x00000000080026a4       0x18 ./Drivers/STM32G4xx_HAL_Driver/Src/stm32g4xx_hal_rcc.o
                0x00000000080026a4                HAL_RCC_GetHCLKFreq
 .text.HAL_RCC_GetPCLK1Freq
                0x00000000080026bc       0x2c ./Drivers/STM32G4xx_HAL_Driver/Src/stm32g4xx_hal_rcc.o
                0x00000000080026bc                HAL_RCC_GetPCLK1Freq
 .text.HAL_RCC_GetPCLK2Freq
                0x00000000080026e8       0x2c ./Drivers/STM32G4xx_HAL_Driver/Src/stm32g4xx_hal_rcc.o
                0x00000000080026e8                HAL_RCC_GetPCLK2Freq
 .text.RCC_GetSysClockFreqFromPLLSource
                0x0000000008002714       0x8c ./Drivers/STM32G4xx_HAL_Driver/Src/stm32g4xx_hal_rcc.o
 .text.HAL_RCCEx_PeriphCLKConfig
                0x00000000080027a0      0x49c ./Drivers/STM32G4xx_HAL_Driver/Src/stm32g4xx_hal_rcc_ex.o
                0x00000000080027a0                HAL_RCCEx_PeriphCLKConfig
 .text.HAL_SPI_Init
                0x0000000008002c3c      0x156 ./Drivers/STM32G4xx_HAL_Driver/Src/stm32g4xx_hal_spi.o
                0x0000000008002c3c                HAL_SPI_Init
 *fill*         0x0000000008002d92        0x2 
 .text.HAL_SPI_Transmit_IT
                0x0000000008002d94      0x11c ./Drivers/STM32G4xx_HAL_Driver/Src/stm32g4xx_hal_spi.o
                0x0000000008002d94                HAL_SPI_Transmit_IT
 .text.HAL_SPI_Receive_IT
                0x0000000008002eb0      0x160 ./Drivers/STM32G4xx_HAL_Driver/Src/stm32g4xx_hal_spi.o
                0x0000000008002eb0                HAL_SPI_Receive_IT
 .text.HAL_SPI_TransmitReceive_IT
                0x0000000008003010      0x160 ./Drivers/STM32G4xx_HAL_Driver/Src/stm32g4xx_hal_spi.o
                0x0000000008003010                HAL_SPI_TransmitReceive_IT
 .text.HAL_SPI_IRQHandler
                0x0000000008003170      0x200 ./Drivers/STM32G4xx_HAL_Driver/Src/stm32g4xx_hal_spi.o
                0x0000000008003170                HAL_SPI_IRQHandler
 .text.HAL_SPI_TxCpltCallback
                0x0000000008003370       0x14 ./Drivers/STM32G4xx_HAL_Driver/Src/stm32g4xx_hal_spi.o
                0x0000000008003370                HAL_SPI_TxCpltCallback
 .text.HAL_SPI_RxCpltCallback
                0x0000000008003384       0x14 ./Drivers/STM32G4xx_HAL_Driver/Src/stm32g4xx_hal_spi.o
                0x0000000008003384                HAL_SPI_RxCpltCallback
 .text.HAL_SPI_TxRxCpltCallback
                0x0000000008003398       0x14 ./Drivers/STM32G4xx_HAL_Driver/Src/stm32g4xx_hal_spi.o
                0x0000000008003398                HAL_SPI_TxRxCpltCallback
 .text.HAL_SPI_ErrorCallback
                0x00000000080033ac       0x14 ./Drivers/STM32G4xx_HAL_Driver/Src/stm32g4xx_hal_spi.o
                0x00000000080033ac                HAL_SPI_ErrorCallback
 .text.SPI_DMAAbortOnError
                0x00000000080033c0       0x2a ./Drivers/STM32G4xx_HAL_Driver/Src/stm32g4xx_hal_spi.o
 .text.SPI_2linesRxISR_8BIT
                0x00000000080033ea       0xbe ./Drivers/STM32G4xx_HAL_Driver/Src/stm32g4xx_hal_spi.o
 .text.SPI_2linesTxISR_8BIT
                0x00000000080034a8       0x92 ./Drivers/STM32G4xx_HAL_Driver/Src/stm32g4xx_hal_spi.o
 .text.SPI_2linesRxISR_16BIT
                0x000000000800353a       0x66 ./Drivers/STM32G4xx_HAL_Driver/Src/stm32g4xx_hal_spi.o
 .text.SPI_2linesTxISR_16BIT
                0x00000000080035a0       0x60 ./Drivers/STM32G4xx_HAL_Driver/Src/stm32g4xx_hal_spi.o
 .text.SPI_RxISR_8BIT
                0x0000000008003600       0x50 ./Drivers/STM32G4xx_HAL_Driver/Src/stm32g4xx_hal_spi.o
 .text.SPI_RxISR_16BIT
                0x0000000008003650       0x4c ./Drivers/STM32G4xx_HAL_Driver/Src/stm32g4xx_hal_spi.o
 .text.SPI_TxISR_8BIT
                0x000000000800369c       0x46 ./Drivers/STM32G4xx_HAL_Driver/Src/stm32g4xx_hal_spi.o
 .text.SPI_TxISR_16BIT
                0x00000000080036e2       0x44 ./Drivers/STM32G4xx_HAL_Driver/Src/stm32g4xx_hal_spi.o
 *fill*         0x0000000008003726        0x2 
 .text.SPI_WaitFlagStateUntilTimeout
                0x0000000008003728      0x110 ./Drivers/STM32G4xx_HAL_Driver/Src/stm32g4xx_hal_spi.o
 .text.SPI_WaitFifoStateUntilTimeout
                0x0000000008003838      0x12c ./Drivers/STM32G4xx_HAL_Driver/Src/stm32g4xx_hal_spi.o
 .text.SPI_EndRxTransaction
                0x0000000008003964       0xb0 ./Drivers/STM32G4xx_HAL_Driver/Src/stm32g4xx_hal_spi.o
 .text.SPI_EndRxTxTransaction
                0x0000000008003a14       0x8c ./Drivers/STM32G4xx_HAL_Driver/Src/stm32g4xx_hal_spi.o
 .text.SPI_CloseRxTx_ISR
                0x0000000008003aa0       0x84 ./Drivers/STM32G4xx_HAL_Driver/Src/stm32g4xx_hal_spi.o
 .text.SPI_CloseRx_ISR
                0x0000000008003b24       0x60 ./Drivers/STM32G4xx_HAL_Driver/Src/stm32g4xx_hal_spi.o
 .text.SPI_CloseTx_ISR
                0x0000000008003b84       0x7e ./Drivers/STM32G4xx_HAL_Driver/Src/stm32g4xx_hal_spi.o
 .text.HAL_TIM_Base_Init
                0x0000000008003c02       0xae ./Drivers/STM32G4xx_HAL_Driver/Src/stm32g4xx_hal_tim.o
                0x0000000008003c02                HAL_TIM_Base_Init
 .text.HAL_TIM_ConfigClockSource
                0x0000000008003cb0      0x22c ./Drivers/STM32G4xx_HAL_Driver/Src/stm32g4xx_hal_tim.o
                0x0000000008003cb0                HAL_TIM_ConfigClockSource
 .text.TIM_Base_SetConfig
                0x0000000008003edc      0x150 ./Drivers/STM32G4xx_HAL_Driver/Src/stm32g4xx_hal_tim.o
                0x0000000008003edc                TIM_Base_SetConfig
 .text.TIM_TI1_ConfigInputStage
                0x000000000800402c       0x5e ./Drivers/STM32G4xx_HAL_Driver/Src/stm32g4xx_hal_tim.o
 .text.TIM_TI2_ConfigInputStage
                0x000000000800408a       0x60 ./Drivers/STM32G4xx_HAL_Driver/Src/stm32g4xx_hal_tim.o
 .text.TIM_ITRx_SetConfig
                0x00000000080040ea       0x3a ./Drivers/STM32G4xx_HAL_Driver/Src/stm32g4xx_hal_tim.o
 .text.TIM_ETR_SetConfig
                0x0000000008004124       0x40 ./Drivers/STM32G4xx_HAL_Driver/Src/stm32g4xx_hal_tim.o
                0x0000000008004124                TIM_ETR_SetConfig
 .text.HAL_TIMEx_MasterConfigSynchronization
                0x0000000008004164      0x12c ./Drivers/STM32G4xx_HAL_Driver/Src/stm32g4xx_hal_tim_ex.o
                0x0000000008004164                HAL_TIMEx_MasterConfigSynchronization
 .text.HAL_UART_Init
                0x0000000008004290       0xa0 ./Drivers/STM32G4xx_HAL_Driver/Src/stm32g4xx_hal_uart.o
                0x0000000008004290                HAL_UART_Init
 .text.HAL_UART_Transmit
                0x0000000008004330      0x12c ./Drivers/STM32G4xx_HAL_Driver/Src/stm32g4xx_hal_uart.o
                0x0000000008004330                HAL_UART_Transmit
 .text.HAL_UART_IRQHandler
                0x000000000800445c      0x630 ./Drivers/STM32G4xx_HAL_Driver/Src/stm32g4xx_hal_uart.o
                0x000000000800445c                HAL_UART_IRQHandler
 .text.HAL_UART_TxCpltCallback
                0x0000000008004a8c       0x14 ./Drivers/STM32G4xx_HAL_Driver/Src/stm32g4xx_hal_uart.o
                0x0000000008004a8c                HAL_UART_TxCpltCallback
 .text.HAL_UART_ErrorCallback
                0x0000000008004aa0       0x14 ./Drivers/STM32G4xx_HAL_Driver/Src/stm32g4xx_hal_uart.o
                0x0000000008004aa0                HAL_UART_ErrorCallback
 .text.HAL_UARTEx_RxEventCallback
                0x0000000008004ab4       0x18 ./Drivers/STM32G4xx_HAL_Driver/Src/stm32g4xx_hal_uart.o
                0x0000000008004ab4                HAL_UARTEx_RxEventCallback
 .text.UART_SetConfig
                0x0000000008004acc      0x5f8 ./Drivers/STM32G4xx_HAL_Driver/Src/stm32g4xx_hal_uart.o
                0x0000000008004acc                UART_SetConfig
 .text.UART_AdvFeatureConfig
                0x00000000080050c4      0x144 ./Drivers/STM32G4xx_HAL_Driver/Src/stm32g4xx_hal_uart.o
                0x00000000080050c4                UART_AdvFeatureConfig
 .text.UART_CheckIdleState
                0x0000000008005208       0x96 ./Drivers/STM32G4xx_HAL_Driver/Src/stm32g4xx_hal_uart.o
                0x0000000008005208                UART_CheckIdleState
 .text.UART_WaitOnFlagUntilTimeout
                0x000000000800529e      0x190 ./Drivers/STM32G4xx_HAL_Driver/Src/stm32g4xx_hal_uart.o
                0x000000000800529e                UART_WaitOnFlagUntilTimeout
 .text.UART_EndRxTransfer
                0x000000000800542e       0xcc ./Drivers/STM32G4xx_HAL_Driver/Src/stm32g4xx_hal_uart.o
 .text.UART_DMAAbortOnError
                0x00000000080054fa       0x2c ./Drivers/STM32G4xx_HAL_Driver/Src/stm32g4xx_hal_uart.o
 .text.UART_EndTransmit_IT
                0x0000000008005526       0x56 ./Drivers/STM32G4xx_HAL_Driver/Src/stm32g4xx_hal_uart.o
 .text.HAL_UARTEx_WakeupCallback
                0x000000000800557c       0x14 ./Drivers/STM32G4xx_HAL_Driver/Src/stm32g4xx_hal_uart_ex.o
                0x000000000800557c                HAL_UARTEx_WakeupCallback
 .text.HAL_UARTEx_RxFifoFullCallback
                0x0000000008005590       0x14 ./Drivers/STM32G4xx_HAL_Driver/Src/stm32g4xx_hal_uart_ex.o
                0x0000000008005590                HAL_UARTEx_RxFifoFullCallback
 .text.HAL_UARTEx_TxFifoEmptyCallback
                0x00000000080055a4       0x14 ./Drivers/STM32G4xx_HAL_Driver/Src/stm32g4xx_hal_uart_ex.o
                0x00000000080055a4                HAL_UARTEx_TxFifoEmptyCallback
 .text.HAL_UARTEx_DisableFifoMode
                0x00000000080055b8       0x72 ./Drivers/STM32G4xx_HAL_Driver/Src/stm32g4xx_hal_uart_ex.o
                0x00000000080055b8                HAL_UARTEx_DisableFifoMode
 .text.HAL_UARTEx_SetTxFifoThreshold
                0x000000000800562a       0x7c ./Drivers/STM32G4xx_HAL_Driver/Src/stm32g4xx_hal_uart_ex.o
                0x000000000800562a                HAL_UARTEx_SetTxFifoThreshold
 .text.HAL_UARTEx_SetRxFifoThreshold
                0x00000000080056a6       0x7c ./Drivers/STM32G4xx_HAL_Driver/Src/stm32g4xx_hal_uart_ex.o
                0x00000000080056a6                HAL_UARTEx_SetRxFifoThreshold
 *fill*         0x0000000008005722        0x2 
 .text.UARTEx_SetNbDataToProcess
                0x0000000008005724       0x9c ./Drivers/STM32G4xx_HAL_Driver/Src/stm32g4xx_hal_uart_ex.o
 .text.__libc_init_array
                0x00000000080057c0       0x48 f:/stm32cubeide_1.12.0/stm32cubeide/plugins/com.st.stm32cube.ide.mcu.externaltools.gnu-tools-for-stm32.10.3-2021.10.win32_1.0.200.202301161003/tools/bin/../lib/gcc/arm-none-eabi/10.3.1/../../../../arm-none-eabi/lib/thumb/v7e-m+fp/hard\libc_nano.a(lib_a-init.o)
                0x00000000080057c0                __libc_init_array
 .text.memset   0x0000000008005808       0x10 f:/stm32cubeide_1.12.0/stm32cubeide/plugins/com.st.stm32cube.ide.mcu.externaltools.gnu-tools-for-stm32.10.3-2021.10.win32_1.0.200.202301161003/tools/bin/../lib/gcc/arm-none-eabi/10.3.1/../../../../arm-none-eabi/lib/thumb/v7e-m+fp/hard\libc_nano.a(lib_a-memset.o)
                0x0000000008005808                memset
 *(.glue_7)
 .glue_7        0x0000000008005818        0x0 linker stubs
 *(.glue_7t)
 .glue_7t       0x0000000008005818        0x0 linker stubs
 *(.eh_frame)
 .eh_frame      0x0000000008005818        0x0 f:/stm32cubeide_1.12.0/stm32cubeide/plugins/com.st.stm32cube.ide.mcu.externaltools.gnu-tools-for-stm32.10.3-2021.10.win32_1.0.200.202301161003/tools/bin/../lib/gcc/arm-none-eabi/10.3.1/thumb/v7e-m+fp/hard/crtbegin.o
 *(.init)
 .init          0x0000000008005818        0x4 f:/stm32cubeide_1.12.0/stm32cubeide/plugins/com.st.stm32cube.ide.mcu.externaltools.gnu-tools-for-stm32.10.3-2021.10.win32_1.0.200.202301161003/tools/bin/../lib/gcc/arm-none-eabi/10.3.1/thumb/v7e-m+fp/hard/crti.o
                0x0000000008005818                _init
 .init          0x000000000800581c        0x8 f:/stm32cubeide_1.12.0/stm32cubeide/plugins/com.st.stm32cube.ide.mcu.externaltools.gnu-tools-for-stm32.10.3-2021.10.win32_1.0.200.202301161003/tools/bin/../lib/gcc/arm-none-eabi/10.3.1/thumb/v7e-m+fp/hard/crtn.o
 *(.fini)
 .fini          0x0000000008005824        0x4 f:/stm32cubeide_1.12.0/stm32cubeide/plugins/com.st.stm32cube.ide.mcu.externaltools.gnu-tools-for-stm32.10.3-2021.10.win32_1.0.200.202301161003/tools/bin/../lib/gcc/arm-none-eabi/10.3.1/thumb/v7e-m+fp/hard/crti.o
                0x0000000008005824                _fini
 .fini          0x0000000008005828        0x8 f:/stm32cubeide_1.12.0/stm32cubeide/plugins/com.st.stm32cube.ide.mcu.externaltools.gnu-tools-for-stm32.10.3-2021.10.win32_1.0.200.202301161003/tools/bin/../lib/gcc/arm-none-eabi/10.3.1/thumb/v7e-m+fp/hard/crtn.o
                0x0000000008005830                . = ALIGN (0x4)
                0x0000000008005830                _etext = .

.vfp11_veneer   0x0000000008005830        0x0
 .vfp11_veneer  0x0000000008005830        0x0 linker stubs

.v4_bx          0x0000000008005830        0x0
 .v4_bx         0x0000000008005830        0x0 linker stubs

.iplt           0x0000000008005830        0x0
 .iplt          0x0000000008005830        0x0 f:/stm32cubeide_1.12.0/stm32cubeide/plugins/com.st.stm32cube.ide.mcu.externaltools.gnu-tools-for-stm32.10.3-2021.10.win32_1.0.200.202301161003/tools/bin/../lib/gcc/arm-none-eabi/10.3.1/thumb/v7e-m+fp/hard/crtbegin.o

.rodata         0x0000000008005830       0xac
                0x0000000008005830                . = ALIGN (0x4)
 *(.rodata)
 .rodata        0x0000000008005830       0x6c ./Core/Src/main.o
 *(.rodata*)
 .rodata.AHBPrescTable
                0x000000000800589c       0x10 ./Core/Src/system_stm32g4xx.o
                0x000000000800589c                AHBPrescTable
 .rodata.APBPrescTable
                0x00000000080058ac        0x8 ./Core/Src/system_stm32g4xx.o
                0x00000000080058ac                APBPrescTable
 .rodata.UARTPrescTable
                0x00000000080058b4       0x18 ./Drivers/STM32G4xx_HAL_Driver/Src/stm32g4xx_hal_uart.o
                0x00000000080058b4                UARTPrescTable
 .rodata.numerator.1
                0x00000000080058cc        0x8 ./Drivers/STM32G4xx_HAL_Driver/Src/stm32g4xx_hal_uart_ex.o
 .rodata.denominator.0
                0x00000000080058d4        0x8 ./Drivers/STM32G4xx_HAL_Driver/Src/stm32g4xx_hal_uart_ex.o
                0x00000000080058dc                . = ALIGN (0x4)

.ARM.extab      0x00000000080058dc        0x0
                0x00000000080058dc                . = ALIGN (0x4)
 *(.ARM.extab* .gnu.linkonce.armextab.*)
                0x00000000080058dc                . = ALIGN (0x4)

.ARM            0x00000000080058dc        0x8
                0x00000000080058dc                . = ALIGN (0x4)
                0x00000000080058dc                __exidx_start = .
 *(.ARM.exidx*)
 .ARM.exidx     0x00000000080058dc        0x8 f:/stm32cubeide_1.12.0/stm32cubeide/plugins/com.st.stm32cube.ide.mcu.externaltools.gnu-tools-for-stm32.10.3-2021.10.win32_1.0.200.202301161003/tools/bin/../lib/gcc/arm-none-eabi/10.3.1/thumb/v7e-m+fp/hard\libgcc.a(_udivmoddi4.o)
                0x00000000080058e4                __exidx_end = .
                0x00000000080058e4                . = ALIGN (0x4)

.rel.dyn        0x00000000080058e4        0x0
 .rel.iplt      0x00000000080058e4        0x0 f:/stm32cubeide_1.12.0/stm32cubeide/plugins/com.st.stm32cube.ide.mcu.externaltools.gnu-tools-for-stm32.10.3-2021.10.win32_1.0.200.202301161003/tools/bin/../lib/gcc/arm-none-eabi/10.3.1/thumb/v7e-m+fp/hard/crtbegin.o

.preinit_array  0x00000000080058e4        0x0
                0x00000000080058e4                . = ALIGN (0x4)
                0x00000000080058e4                PROVIDE (__preinit_array_start = .)
 *(.preinit_array*)
                0x00000000080058e4                PROVIDE (__preinit_array_end = .)
                0x00000000080058e4                . = ALIGN (0x4)

.init_array     0x00000000080058e4        0x4
                0x00000000080058e4                . = ALIGN (0x4)
                0x00000000080058e4                PROVIDE (__init_array_start = .)
 *(SORT_BY_NAME(.init_array.*))
 *(.init_array*)
 .init_array    0x00000000080058e4        0x4 f:/stm32cubeide_1.12.0/stm32cubeide/plugins/com.st.stm32cube.ide.mcu.externaltools.gnu-tools-for-stm32.10.3-2021.10.win32_1.0.200.202301161003/tools/bin/../lib/gcc/arm-none-eabi/10.3.1/thumb/v7e-m+fp/hard/crtbegin.o
                0x00000000080058e8                PROVIDE (__init_array_end = .)
                0x00000000080058e8                . = ALIGN (0x4)

.fini_array     0x00000000080058e8        0x4
                0x00000000080058e8                . = ALIGN (0x4)
                [!provide]                        PROVIDE (__fini_array_start = .)
 *(SORT_BY_NAME(.fini_array.*))
 *(.fini_array*)
 .fini_array    0x00000000080058e8        0x4 f:/stm32cubeide_1.12.0/stm32cubeide/plugins/com.st.stm32cube.ide.mcu.externaltools.gnu-tools-for-stm32.10.3-2021.10.win32_1.0.200.202301161003/tools/bin/../lib/gcc/arm-none-eabi/10.3.1/thumb/v7e-m+fp/hard/crtbegin.o
                [!provide]                        PROVIDE (__fini_array_end = .)
                0x00000000080058ec                . = ALIGN (0x4)
                0x00000000080058ec                _sidata = LOADADDR (.data)

.data           0x0000000020000000        0xc load address 0x00000000080058ec
                0x0000000020000000                . = ALIGN (0x4)
                0x0000000020000000                _sdata = .
 *(.data)
 *(.data*)
 .data.SystemCoreClock
                0x0000000020000000        0x4 ./Core/Src/system_stm32g4xx.o
                0x0000000020000000                SystemCoreClock
 .data.uwTickPrio
                0x0000000020000004        0x4 ./Drivers/STM32G4xx_HAL_Driver/Src/stm32g4xx_hal.o
                0x0000000020000004                uwTickPrio
 .data.uwTickFreq
                0x0000000020000008        0x4 ./Drivers/STM32G4xx_HAL_Driver/Src/stm32g4xx_hal.o
                0x0000000020000008                uwTickFreq
 *(.RamFunc)
 *(.RamFunc*)
                0x000000002000000c                . = ALIGN (0x4)
                0x000000002000000c                _edata = .

.igot.plt       0x000000002000000c        0x0 load address 0x00000000080058f8
 .igot.plt      0x000000002000000c        0x0 f:/stm32cubeide_1.12.0/stm32cubeide/plugins/com.st.stm32cube.ide.mcu.externaltools.gnu-tools-for-stm32.10.3-2021.10.win32_1.0.200.202301161003/tools/bin/../lib/gcc/arm-none-eabi/10.3.1/thumb/v7e-m+fp/hard/crtbegin.o
                0x000000002000000c                . = ALIGN (0x4)

.bss            0x000000002000000c      0x1d8 load address 0x00000000080058f8
                0x000000002000000c                _sbss = .
                0x000000002000000c                __bss_start__ = _sbss
 *(.bss)
 .bss           0x000000002000000c       0x1c f:/stm32cubeide_1.12.0/stm32cubeide/plugins/com.st.stm32cube.ide.mcu.externaltools.gnu-tools-for-stm32.10.3-2021.10.win32_1.0.200.202301161003/tools/bin/../lib/gcc/arm-none-eabi/10.3.1/thumb/v7e-m+fp/hard/crtbegin.o
 *(.bss*)
 .bss.rfid_gain
                0x0000000020000028        0x1 ./Core/Src/main.o
                0x0000000020000028                rfid_gain
 .bss.rfid_read_tag_pending
                0x0000000020000029        0x1 ./Core/Src/main.o
                0x0000000020000029                rfid_read_tag_pending
 .bss.rfid_read_tag_success
                0x000000002000002a        0x1 ./Core/Src/main.o
                0x000000002000002a                rfid_read_tag_success
 .bss.rfid_capture_state
                0x000000002000002b        0x1 ./Core/Src/main.o
                0x000000002000002b                rfid_capture_state
 .bss.rfid_tries_count
                0x000000002000002c        0x1 ./Core/Src/main.o
                0x000000002000002c                rfid_tries_count
 *fill*         0x000000002000002d        0x1 
 .bss.general_use_10ms_timer
                0x000000002000002e        0x2 ./Core/Src/main.o
                0x000000002000002e                general_use_10ms_timer
 .bss.rfid_data_nibbles
                0x0000000020000030        0xb ./Core/Src/main.o
                0x0000000020000030                rfid_data_nibbles
 .bss.rfid_state
                0x000000002000003b        0x1 ./Core/Src/main.o
                0x000000002000003b                rfid_state
 .bss.hspi1     0x000000002000003c       0x64 ./Core/Src/main.o
                0x000000002000003c                hspi1
 .bss.htim1     0x00000000200000a0       0x4c ./Core/Src/main.o
                0x00000000200000a0                htim1
 .bss.huart2    0x00000000200000ec       0x90 ./Core/Src/main.o
                0x00000000200000ec                huart2
 .bss.hdma_usart2_rx
                0x000000002000017c       0x60 ./Core/Src/main.o
                0x000000002000017c                hdma_usart2_rx
 .bss.doing_read.6
                0x00000000200001dc        0x1 ./Core/Src/main.o
 *fill*         0x00000000200001dd        0x3 
 .bss.uwTick    0x00000000200001e0        0x4 ./Drivers/STM32G4xx_HAL_Driver/Src/stm32g4xx_hal.o
                0x00000000200001e0                uwTick
 *(COMMON)
                0x00000000200001e4                . = ALIGN (0x4)
                0x00000000200001e4                _ebss = .
                0x00000000200001e4                __bss_end__ = _ebss

._user_heap_stack
                0x00000000200001e4      0x604 load address 0x00000000080058f8
                0x00000000200001e8                . = ALIGN (0x8)
 *fill*         0x00000000200001e4        0x4 
                [!provide]                        PROVIDE (end = .)
                0x00000000200001e8                PROVIDE (_end = .)
                0x00000000200003e8                . = (. + _Min_Heap_Size)
 *fill*         0x00000000200001e8      0x200 
                0x00000000200007e8                . = (. + _Min_Stack_Size)
 *fill*         0x00000000200003e8      0x400 
                0x00000000200007e8                . = ALIGN (0x8)

/DISCARD/
 libc.a(*)
 libm.a(*)
 libgcc.a(*)

.ARM.attributes
                0x0000000000000000       0x30
 *(.ARM.attributes)
 .ARM.attributes
                0x0000000000000000       0x1e f:/stm32cubeide_1.12.0/stm32cubeide/plugins/com.st.stm32cube.ide.mcu.externaltools.gnu-tools-for-stm32.10.3-2021.10.win32_1.0.200.202301161003/tools/bin/../lib/gcc/arm-none-eabi/10.3.1/thumb/v7e-m+fp/hard/crti.o
 .ARM.attributes
                0x000000000000001e       0x34 f:/stm32cubeide_1.12.0/stm32cubeide/plugins/com.st.stm32cube.ide.mcu.externaltools.gnu-tools-for-stm32.10.3-2021.10.win32_1.0.200.202301161003/tools/bin/../lib/gcc/arm-none-eabi/10.3.1/thumb/v7e-m+fp/hard/crtbegin.o
 .ARM.attributes
                0x0000000000000052       0x34 ./Core/Src/main.o
 .ARM.attributes
                0x0000000000000086       0x34 ./Core/Src/stm32g4xx_hal_msp.o
 .ARM.attributes
                0x00000000000000ba       0x34 ./Core/Src/stm32g4xx_it.o
 .ARM.attributes
                0x00000000000000ee       0x34 ./Core/Src/system_stm32g4xx.o
 .ARM.attributes
                0x0000000000000122       0x21 ./Core/Startup/startup_stm32g474retx.o
 .ARM.attributes
                0x0000000000000143       0x34 ./Drivers/STM32G4xx_HAL_Driver/Src/stm32g4xx_hal.o
 .ARM.attributes
                0x0000000000000177       0x34 ./Drivers/STM32G4xx_HAL_Driver/Src/stm32g4xx_hal_cortex.o
 .ARM.attributes
                0x00000000000001ab       0x34 ./Drivers/STM32G4xx_HAL_Driver/Src/stm32g4xx_hal_dma.o
 .ARM.attributes
                0x00000000000001df       0x34 ./Drivers/STM32G4xx_HAL_Driver/Src/stm32g4xx_hal_gpio.o
 .ARM.attributes
                0x0000000000000213       0x34 ./Drivers/STM32G4xx_HAL_Driver/Src/stm32g4xx_hal_pwr_ex.o
 .ARM.attributes
                0x0000000000000247       0x34 ./Drivers/STM32G4xx_HAL_Driver/Src/stm32g4xx_hal_rcc.o
 .ARM.attributes
                0x000000000000027b       0x34 ./Drivers/STM32G4xx_HAL_Driver/Src/stm32g4xx_hal_rcc_ex.o
 .ARM.attributes
                0x00000000000002af       0x34 ./Drivers/STM32G4xx_HAL_Driver/Src/stm32g4xx_hal_spi.o
 .ARM.attributes
                0x00000000000002e3       0x34 ./Drivers/STM32G4xx_HAL_Driver/Src/stm32g4xx_hal_tim.o
 .ARM.attributes
                0x0000000000000317       0x34 ./Drivers/STM32G4xx_HAL_Driver/Src/stm32g4xx_hal_tim_ex.o
 .ARM.attributes
                0x000000000000034b       0x34 ./Drivers/STM32G4xx_HAL_Driver/Src/stm32g4xx_hal_uart.o
 .ARM.attributes
                0x000000000000037f       0x34 ./Drivers/STM32G4xx_HAL_Driver/Src/stm32g4xx_hal_uart_ex.o
 .ARM.attributes
                0x00000000000003b3       0x34 f:/stm32cubeide_1.12.0/stm32cubeide/plugins/com.st.stm32cube.ide.mcu.externaltools.gnu-tools-for-stm32.10.3-2021.10.win32_1.0.200.202301161003/tools/bin/../lib/gcc/arm-none-eabi/10.3.1/../../../../arm-none-eabi/lib/thumb/v7e-m+fp/hard\libc_nano.a(lib_a-init.o)
 .ARM.attributes
                0x00000000000003e7       0x34 f:/stm32cubeide_1.12.0/stm32cubeide/plugins/com.st.stm32cube.ide.mcu.externaltools.gnu-tools-for-stm32.10.3-2021.10.win32_1.0.200.202301161003/tools/bin/../lib/gcc/arm-none-eabi/10.3.1/../../../../arm-none-eabi/lib/thumb/v7e-m+fp/hard\libc_nano.a(lib_a-memset.o)
 .ARM.attributes
                0x000000000000041b       0x1e f:/stm32cubeide_1.12.0/stm32cubeide/plugins/com.st.stm32cube.ide.mcu.externaltools.gnu-tools-for-stm32.10.3-2021.10.win32_1.0.200.202301161003/tools/bin/../lib/gcc/arm-none-eabi/10.3.1/thumb/v7e-m+fp/hard\libgcc.a(_aeabi_uldivmod.o)
 .ARM.attributes
                0x0000000000000439       0x34 f:/stm32cubeide_1.12.0/stm32cubeide/plugins/com.st.stm32cube.ide.mcu.externaltools.gnu-tools-for-stm32.10.3-2021.10.win32_1.0.200.202301161003/tools/bin/../lib/gcc/arm-none-eabi/10.3.1/thumb/v7e-m+fp/hard\libgcc.a(_udivmoddi4.o)
 .ARM.attributes
                0x000000000000046d       0x1e f:/stm32cubeide_1.12.0/stm32cubeide/plugins/com.st.stm32cube.ide.mcu.externaltools.gnu-tools-for-stm32.10.3-2021.10.win32_1.0.200.202301161003/tools/bin/../lib/gcc/arm-none-eabi/10.3.1/thumb/v7e-m+fp/hard\libgcc.a(_dvmd_tls.o)
 .ARM.attributes
                0x000000000000048b       0x1e f:/stm32cubeide_1.12.0/stm32cubeide/plugins/com.st.stm32cube.ide.mcu.externaltools.gnu-tools-for-stm32.10.3-2021.10.win32_1.0.200.202301161003/tools/bin/../lib/gcc/arm-none-eabi/10.3.1/thumb/v7e-m+fp/hard/crtn.o
OUTPUT(Realterm.elf elf32-littlearm)
LOAD linker stubs
LOAD f:/stm32cubeide_1.12.0/stm32cubeide/plugins/com.st.stm32cube.ide.mcu.externaltools.gnu-tools-for-stm32.10.3-2021.10.win32_1.0.200.202301161003/tools/bin/../lib/gcc/arm-none-eabi/10.3.1/../../../../arm-none-eabi/lib/thumb/v7e-m+fp/hard\libc.a
LOAD f:/stm32cubeide_1.12.0/stm32cubeide/plugins/com.st.stm32cube.ide.mcu.externaltools.gnu-tools-for-stm32.10.3-2021.10.win32_1.0.200.202301161003/tools/bin/../lib/gcc/arm-none-eabi/10.3.1/../../../../arm-none-eabi/lib/thumb/v7e-m+fp/hard\libm.a
LOAD f:/stm32cubeide_1.12.0/stm32cubeide/plugins/com.st.stm32cube.ide.mcu.externaltools.gnu-tools-for-stm32.10.3-2021.10.win32_1.0.200.202301161003/tools/bin/../lib/gcc/arm-none-eabi/10.3.1/thumb/v7e-m+fp/hard\libgcc.a

.debug_info     0x0000000000000000    0x15661
 .debug_info    0x0000000000000000     0x1e83 ./Core/Src/main.o
 .debug_info    0x0000000000001e83     0x1867 ./Core/Src/stm32g4xx_hal_msp.o
 .debug_info    0x00000000000036ea      0xb86 ./Core/Src/stm32g4xx_it.o
 .debug_info    0x0000000000004270      0x59f ./Core/Src/system_stm32g4xx.o
 .debug_info    0x000000000000480f       0x22 ./Core/Startup/startup_stm32g474retx.o
 .debug_info    0x0000000000004831      0xb9d ./Drivers/STM32G4xx_HAL_Driver/Src/stm32g4xx_hal.o
 .debug_info    0x00000000000053ce      0xe7e ./Drivers/STM32G4xx_HAL_Driver/Src/stm32g4xx_hal_cortex.o
 .debug_info    0x000000000000624c      0x8ee ./Drivers/STM32G4xx_HAL_Driver/Src/stm32g4xx_hal_dma.o
 .debug_info    0x0000000000006b3a      0x82f ./Drivers/STM32G4xx_HAL_Driver/Src/stm32g4xx_hal_gpio.o
 .debug_info    0x0000000000007369      0x983 ./Drivers/STM32G4xx_HAL_Driver/Src/stm32g4xx_hal_pwr_ex.o
 .debug_info    0x0000000000007cec      0xcb7 ./Drivers/STM32G4xx_HAL_Driver/Src/stm32g4xx_hal_rcc.o
 .debug_info    0x00000000000089a3      0xd32 ./Drivers/STM32G4xx_HAL_Driver/Src/stm32g4xx_hal_rcc_ex.o
 .debug_info    0x00000000000096d5     0x18b8 ./Drivers/STM32G4xx_HAL_Driver/Src/stm32g4xx_hal_spi.o
 .debug_info    0x000000000000af8d     0x2e83 ./Drivers/STM32G4xx_HAL_Driver/Src/stm32g4xx_hal_tim.o
 .debug_info    0x000000000000de10     0x1eea ./Drivers/STM32G4xx_HAL_Driver/Src/stm32g4xx_hal_tim_ex.o
 .debug_info    0x000000000000fcfa     0x4936 ./Drivers/STM32G4xx_HAL_Driver/Src/stm32g4xx_hal_uart.o
 .debug_info    0x0000000000014630     0x1031 ./Drivers/STM32G4xx_HAL_Driver/Src/stm32g4xx_hal_uart_ex.o

.debug_abbrev   0x0000000000000000     0x264b
 .debug_abbrev  0x0000000000000000      0x3cf ./Core/Src/main.o
 .debug_abbrev  0x00000000000003cf      0x26e ./Core/Src/stm32g4xx_hal_msp.o
 .debug_abbrev  0x000000000000063d      0x177 ./Core/Src/stm32g4xx_it.o
 .debug_abbrev  0x00000000000007b4      0x116 ./Core/Src/system_stm32g4xx.o
 .debug_abbrev  0x00000000000008ca       0x12 ./Core/Startup/startup_stm32g474retx.o
 .debug_abbrev  0x00000000000008dc      0x269 ./Drivers/STM32G4xx_HAL_Driver/Src/stm32g4xx_hal.o
 .debug_abbrev  0x0000000000000b45      0x30d ./Drivers/STM32G4xx_HAL_Driver/Src/stm32g4xx_hal_cortex.o
 .debug_abbrev  0x0000000000000e52      0x1d7 ./Drivers/STM32G4xx_HAL_Driver/Src/stm32g4xx_hal_dma.o
 .debug_abbrev  0x0000000000001029      0x1bb ./Drivers/STM32G4xx_HAL_Driver/Src/stm32g4xx_hal_gpio.o
 .debug_abbrev  0x00000000000011e4      0x229 ./Drivers/STM32G4xx_HAL_Driver/Src/stm32g4xx_hal_pwr_ex.o
 .debug_abbrev  0x000000000000140d      0x2bd ./Drivers/STM32G4xx_HAL_Driver/Src/stm32g4xx_hal_rcc.o
 .debug_abbrev  0x00000000000016ca      0x247 ./Drivers/STM32G4xx_HAL_Driver/Src/stm32g4xx_hal_rcc_ex.o
 .debug_abbrev  0x0000000000001911      0x254 ./Drivers/STM32G4xx_HAL_Driver/Src/stm32g4xx_hal_spi.o
 .debug_abbrev  0x0000000000001b65      0x28e ./Drivers/STM32G4xx_HAL_Driver/Src/stm32g4xx_hal_tim.o
 .debug_abbrev  0x0000000000001df3      0x2ab ./Drivers/STM32G4xx_HAL_Driver/Src/stm32g4xx_hal_tim_ex.o
 .debug_abbrev  0x000000000000209e      0x2f0 ./Drivers/STM32G4xx_HAL_Driver/Src/stm32g4xx_hal_uart.o
 .debug_abbrev  0x000000000000238e      0x2bd ./Drivers/STM32G4xx_HAL_Driver/Src/stm32g4xx_hal_uart_ex.o

.debug_aranges  0x0000000000000000     0x1248
 .debug_aranges
                0x0000000000000000       0x98 ./Core/Src/main.o
 .debug_aranges
                0x0000000000000098       0x50 ./Core/Src/stm32g4xx_hal_msp.o
 .debug_aranges
                0x00000000000000e8       0x78 ./Core/Src/stm32g4xx_it.o
 .debug_aranges
                0x0000000000000160       0x28 ./Core/Src/system_stm32g4xx.o
 .debug_aranges
                0x0000000000000188       0x28 ./Core/Startup/startup_stm32g474retx.o
 .debug_aranges
                0x00000000000001b0      0x130 ./Drivers/STM32G4xx_HAL_Driver/Src/stm32g4xx_hal.o
 .debug_aranges
                0x00000000000002e0      0x118 ./Drivers/STM32G4xx_HAL_Driver/Src/stm32g4xx_hal_cortex.o
 .debug_aranges
                0x00000000000003f8       0x90 ./Drivers/STM32G4xx_HAL_Driver/Src/stm32g4xx_hal_dma.o
 .debug_aranges
                0x0000000000000488       0x58 ./Drivers/STM32G4xx_HAL_Driver/Src/stm32g4xx_hal_gpio.o
 .debug_aranges
                0x00000000000004e0      0x140 ./Drivers/STM32G4xx_HAL_Driver/Src/stm32g4xx_hal_pwr_ex.o
 .debug_aranges
                0x0000000000000620       0x98 ./Drivers/STM32G4xx_HAL_Driver/Src/stm32g4xx_hal_rcc.o
 .debug_aranges
                0x00000000000006b8       0xb0 ./Drivers/STM32G4xx_HAL_Driver/Src/stm32g4xx_hal_rcc_ex.o
 .debug_aranges
                0x0000000000000768      0x1d8 ./Drivers/STM32G4xx_HAL_Driver/Src/stm32g4xx_hal_spi.o
 .debug_aranges
                0x0000000000000940      0x3e0 ./Drivers/STM32G4xx_HAL_Driver/Src/stm32g4xx_hal_tim.o
 .debug_aranges
                0x0000000000000d20      0x240 ./Drivers/STM32G4xx_HAL_Driver/Src/stm32g4xx_hal_tim_ex.o
 .debug_aranges
                0x0000000000000f60      0x248 ./Drivers/STM32G4xx_HAL_Driver/Src/stm32g4xx_hal_uart.o
 .debug_aranges
                0x00000000000011a8       0xa0 ./Drivers/STM32G4xx_HAL_Driver/Src/stm32g4xx_hal_uart_ex.o

.debug_ranges   0x0000000000000000     0x1170
 .debug_ranges  0x0000000000000000       0x88 ./Core/Src/main.o
 .debug_ranges  0x0000000000000088       0x40 ./Core/Src/stm32g4xx_hal_msp.o
 .debug_ranges  0x00000000000000c8       0x68 ./Core/Src/stm32g4xx_it.o
 .debug_ranges  0x0000000000000130       0x18 ./Core/Src/system_stm32g4xx.o
 .debug_ranges  0x0000000000000148       0x20 ./Core/Startup/startup_stm32g474retx.o
 .debug_ranges  0x0000000000000168      0x120 ./Drivers/STM32G4xx_HAL_Driver/Src/stm32g4xx_hal.o
 .debug_ranges  0x0000000000000288      0x108 ./Drivers/STM32G4xx_HAL_Driver/Src/stm32g4xx_hal_cortex.o
 .debug_ranges  0x0000000000000390       0x80 ./Drivers/STM32G4xx_HAL_Driver/Src/stm32g4xx_hal_dma.o
 .debug_ranges  0x0000000000000410       0x48 ./Drivers/STM32G4xx_HAL_Driver/Src/stm32g4xx_hal_gpio.o
 .debug_ranges  0x0000000000000458      0x130 ./Drivers/STM32G4xx_HAL_Driver/Src/stm32g4xx_hal_pwr_ex.o
 .debug_ranges  0x0000000000000588       0x88 ./Drivers/STM32G4xx_HAL_Driver/Src/stm32g4xx_hal_rcc.o
 .debug_ranges  0x0000000000000610       0xa0 ./Drivers/STM32G4xx_HAL_Driver/Src/stm32g4xx_hal_rcc_ex.o
 .debug_ranges  0x00000000000006b0      0x1c8 ./Drivers/STM32G4xx_HAL_Driver/Src/stm32g4xx_hal_spi.o
 .debug_ranges  0x0000000000000878      0x3d0 ./Drivers/STM32G4xx_HAL_Driver/Src/stm32g4xx_hal_tim.o
 .debug_ranges  0x0000000000000c48      0x230 ./Drivers/STM32G4xx_HAL_Driver/Src/stm32g4xx_hal_tim_ex.o
 .debug_ranges  0x0000000000000e78      0x268 ./Drivers/STM32G4xx_HAL_Driver/Src/stm32g4xx_hal_uart.o
 .debug_ranges  0x00000000000010e0       0x90 ./Drivers/STM32G4xx_HAL_Driver/Src/stm32g4xx_hal_uart_ex.o

.debug_macro    0x0000000000000000    0x26a39
 .debug_macro   0x0000000000000000      0x355 ./Core/Src/main.o
 .debug_macro   0x0000000000000355      0xa78 ./Core/Src/main.o
 .debug_macro   0x0000000000000dcd      0x161 ./Core/Src/main.o
 .debug_macro   0x0000000000000f2e       0x2e ./Core/Src/main.o
 .debug_macro   0x0000000000000f5c       0x28 ./Core/Src/main.o
 .debug_macro   0x0000000000000f84       0x22 ./Core/Src/main.o
 .debug_macro   0x0000000000000fa6       0x8e ./Core/Src/main.o
 .debug_macro   0x0000000000001034       0x51 ./Core/Src/main.o
 .debug_macro   0x0000000000001085      0x103 ./Core/Src/main.o
 .debug_macro   0x0000000000001188       0x6a ./Core/Src/main.o
 .debug_macro   0x00000000000011f2      0x1df ./Core/Src/main.o
 .debug_macro   0x00000000000013d1       0x1c ./Core/Src/main.o
 .debug_macro   0x00000000000013ed       0x22 ./Core/Src/main.o
 .debug_macro   0x000000000000140f       0xfb ./Core/Src/main.o
 .debug_macro   0x000000000000150a     0x1011 ./Core/Src/main.o
 .debug_macro   0x000000000000251b      0x11f ./Core/Src/main.o
 .debug_macro   0x000000000000263a    0x18b93 ./Core/Src/main.o
 .debug_macro   0x000000000001b1cd       0x6d ./Core/Src/main.o
 .debug_macro   0x000000000001b23a     0x3554 ./Core/Src/main.o
 .debug_macro   0x000000000001e78e      0x174 ./Core/Src/main.o
 .debug_macro   0x000000000001e902       0x5c ./Core/Src/main.o
 .debug_macro   0x000000000001e95e     0x171f ./Core/Src/main.o
 .debug_macro   0x000000000002007d      0x600 ./Core/Src/main.o
 .debug_macro   0x000000000002067d      0x1b6 ./Core/Src/main.o
 .debug_macro   0x0000000000020833      0x34a ./Core/Src/main.o
 .debug_macro   0x0000000000020b7d      0x53c ./Core/Src/main.o
 .debug_macro   0x00000000000210b9      0x18b ./Core/Src/main.o
 .debug_macro   0x0000000000021244       0x43 ./Core/Src/main.o
 .debug_macro   0x0000000000021287      0x23d ./Core/Src/main.o
 .debug_macro   0x00000000000214c4      0x211 ./Core/Src/main.o
 .debug_macro   0x00000000000216d5      0x45c ./Core/Src/main.o
 .debug_macro   0x0000000000021b31      0x11c ./Core/Src/main.o
 .debug_macro   0x0000000000021c4d      0x122 ./Core/Src/main.o
 .debug_macro   0x0000000000021d6f      0x3d1 ./Core/Src/main.o
 .debug_macro   0x0000000000022140      0x2fe ./Core/Src/main.o
 .debug_macro   0x000000000002243e      0xbef ./Core/Src/main.o
 .debug_macro   0x000000000002302d      0x718 ./Core/Src/main.o
 .debug_macro   0x0000000000023745      0x67e ./Core/Src/main.o
 .debug_macro   0x0000000000023dc3       0xa6 ./Core/Src/main.o
 .debug_macro   0x0000000000023e69      0x358 ./Core/Src/main.o
 .debug_macro   0x00000000000241c1       0x22 ./Core/Src/main.o
 .debug_macro   0x00000000000241e3       0x52 ./Core/Src/main.o
 .debug_macro   0x0000000000024235       0x1e ./Core/Src/main.o
 .debug_macro   0x0000000000024253       0x3c ./Core/Src/main.o
 .debug_macro   0x000000000002428f       0x34 ./Core/Src/main.o
 .debug_macro   0x00000000000242c3       0x16 ./Core/Src/main.o
 .debug_macro   0x00000000000242d9       0x35 ./Core/Src/main.o
 .debug_macro   0x000000000002430e      0x341 ./Core/Src/main.o
 .debug_macro   0x000000000002464f       0x10 ./Core/Src/main.o
 .debug_macro   0x000000000002465f       0x16 ./Core/Src/main.o
 .debug_macro   0x0000000000024675       0x43 ./Core/Src/main.o
 .debug_macro   0x00000000000246b8       0x34 ./Core/Src/main.o
 .debug_macro   0x00000000000246ec       0x10 ./Core/Src/main.o
 .debug_macro   0x00000000000246fc       0x58 ./Core/Src/main.o
 .debug_macro   0x0000000000024754       0x71 ./Core/Src/main.o
 .debug_macro   0x00000000000247c5       0x1c ./Core/Src/main.o
 .debug_macro   0x00000000000247e1      0x12a ./Core/Src/main.o
 .debug_macro   0x000000000002490b       0x10 ./Core/Src/main.o
 .debug_macro   0x000000000002491b       0x1c ./Core/Src/main.o
 .debug_macro   0x0000000000024937       0x52 ./Core/Src/main.o
 .debug_macro   0x0000000000024989       0x22 ./Core/Src/main.o
 .debug_macro   0x00000000000249ab       0x10 ./Core/Src/main.o
 .debug_macro   0x00000000000249bb       0x52 ./Core/Src/main.o
 .debug_macro   0x0000000000024a0d       0xd5 ./Core/Src/main.o
 .debug_macro   0x0000000000024ae2       0x1c ./Core/Src/main.o
 .debug_macro   0x0000000000024afe       0x3d ./Core/Src/main.o
 .debug_macro   0x0000000000024b3b       0x16 ./Core/Src/main.o
 .debug_macro   0x0000000000024b51      0x145 ./Core/Src/main.o
 .debug_macro   0x0000000000024c96      0x1ed ./Core/Src/stm32g4xx_hal_msp.o
 .debug_macro   0x0000000000024e83      0x1f7 ./Core/Src/stm32g4xx_it.o
 .debug_macro   0x000000000002507a      0x1e3 ./Core/Src/system_stm32g4xx.o
 .debug_macro   0x000000000002525d      0x231 ./Drivers/STM32G4xx_HAL_Driver/Src/stm32g4xx_hal.o
 .debug_macro   0x000000000002548e      0x1e3 ./Drivers/STM32G4xx_HAL_Driver/Src/stm32g4xx_hal_cortex.o
 .debug_macro   0x0000000000025671      0x1e3 ./Drivers/STM32G4xx_HAL_Driver/Src/stm32g4xx_hal_dma.o
 .debug_macro   0x0000000000025854      0x1ea ./Drivers/STM32G4xx_HAL_Driver/Src/stm32g4xx_hal_gpio.o
 .debug_macro   0x0000000000025a3e      0x20d ./Drivers/STM32G4xx_HAL_Driver/Src/stm32g4xx_hal_pwr_ex.o
 .debug_macro   0x0000000000025c4b      0x225 ./Drivers/STM32G4xx_HAL_Driver/Src/stm32g4xx_hal_rcc.o
 .debug_macro   0x0000000000025e70      0x20d ./Drivers/STM32G4xx_HAL_Driver/Src/stm32g4xx_hal_rcc_ex.o
 .debug_macro   0x000000000002607d      0x1eb ./Drivers/STM32G4xx_HAL_Driver/Src/stm32g4xx_hal_spi.o
 .debug_macro   0x0000000000026268      0x1eb ./Drivers/STM32G4xx_HAL_Driver/Src/stm32g4xx_hal_tim.o
 .debug_macro   0x0000000000026453      0x1e9 ./Drivers/STM32G4xx_HAL_Driver/Src/stm32g4xx_hal_tim_ex.o
 .debug_macro   0x000000000002663c      0x20e ./Drivers/STM32G4xx_HAL_Driver/Src/stm32g4xx_hal_uart.o
 .debug_macro   0x000000000002684a      0x1ef ./Drivers/STM32G4xx_HAL_Driver/Src/stm32g4xx_hal_uart_ex.o

.debug_line     0x0000000000000000    0x14c1d
 .debug_line    0x0000000000000000      0xd07 ./Core/Src/main.o
 .debug_line    0x0000000000000d07      0x814 ./Core/Src/stm32g4xx_hal_msp.o
 .debug_line    0x000000000000151b      0x80e ./Core/Src/stm32g4xx_it.o
 .debug_line    0x0000000000001d29      0x76d ./Core/Src/system_stm32g4xx.o
 .debug_line    0x0000000000002496       0x89 ./Core/Startup/startup_stm32g474retx.o
 .debug_line    0x000000000000251f      0xae4 ./Drivers/STM32G4xx_HAL_Driver/Src/stm32g4xx_hal.o
 .debug_line    0x0000000000003003      0xc97 ./Drivers/STM32G4xx_HAL_Driver/Src/stm32g4xx_hal_cortex.o
 .debug_line    0x0000000000003c9a      0xe50 ./Drivers/STM32G4xx_HAL_Driver/Src/stm32g4xx_hal_dma.o
 .debug_line    0x0000000000004aea      0xb27 ./Drivers/STM32G4xx_HAL_Driver/Src/stm32g4xx_hal_gpio.o
 .debug_line    0x0000000000005611      0xc9b ./Drivers/STM32G4xx_HAL_Driver/Src/stm32g4xx_hal_pwr_ex.o
 .debug_line    0x00000000000062ac      0xefa ./Drivers/STM32G4xx_HAL_Driver/Src/stm32g4xx_hal_rcc.o
 .debug_line    0x00000000000071a6     0x1207 ./Drivers/STM32G4xx_HAL_Driver/Src/stm32g4xx_hal_rcc_ex.o
 .debug_line    0x00000000000083ad     0x1f2e ./Drivers/STM32G4xx_HAL_Driver/Src/stm32g4xx_hal_spi.o
 .debug_line    0x000000000000a2db     0x3f1d ./Drivers/STM32G4xx_HAL_Driver/Src/stm32g4xx_hal_tim.o
 .debug_line    0x000000000000e1f8     0x2138 ./Drivers/STM32G4xx_HAL_Driver/Src/stm32g4xx_hal_tim_ex.o
 .debug_line    0x0000000000010330     0x3b5e ./Drivers/STM32G4xx_HAL_Driver/Src/stm32g4xx_hal_uart.o
 .debug_line    0x0000000000013e8e      0xd8f ./Drivers/STM32G4xx_HAL_Driver/Src/stm32g4xx_hal_uart_ex.o

.debug_str      0x0000000000000000    0xfdfd0
 .debug_str     0x0000000000000000    0xf97ad ./Core/Src/main.o
                                      0xf9baf (size before relaxing)
 .debug_str     0x00000000000f97ad      0x2be ./Core/Src/stm32g4xx_hal_msp.o
                                      0xf5962 (size before relaxing)
 .debug_str     0x00000000000f9a6b      0x13e ./Core/Src/stm32g4xx_it.o
                                      0xf4c42 (size before relaxing)
 .debug_str     0x00000000000f9ba9       0xdb ./Core/Src/system_stm32g4xx.o
                                      0xf4641 (size before relaxing)
 .debug_str     0x00000000000f9c84       0x36 ./Core/Startup/startup_stm32g474retx.o
                                         0x67 (size before relaxing)
 .debug_str     0x00000000000f9cba      0x5b2 ./Drivers/STM32G4xx_HAL_Driver/Src/stm32g4xx_hal.o
                                      0xf532c (size before relaxing)
 .debug_str     0x00000000000fa26c      0x31d ./Drivers/STM32G4xx_HAL_Driver/Src/stm32g4xx_hal_cortex.o
                                      0xf4fd7 (size before relaxing)
 .debug_str     0x00000000000fa589      0x29f ./Drivers/STM32G4xx_HAL_Driver/Src/stm32g4xx_hal_dma.o
                                      0xf4a1b (size before relaxing)
 .debug_str     0x00000000000fa828       0xf2 ./Drivers/STM32G4xx_HAL_Driver/Src/stm32g4xx_hal_gpio.o
                                      0xf47cc (size before relaxing)
 .debug_str     0x00000000000fa91a      0x4c6 ./Drivers/STM32G4xx_HAL_Driver/Src/stm32g4xx_hal_pwr_ex.o
                                      0xf4b2f (size before relaxing)
 .debug_str     0x00000000000fade0      0x506 ./Drivers/STM32G4xx_HAL_Driver/Src/stm32g4xx_hal_rcc.o
                                      0xf4d60 (size before relaxing)
 .debug_str     0x00000000000fb2e6      0x401 ./Drivers/STM32G4xx_HAL_Driver/Src/stm32g4xx_hal_rcc_ex.o
                                      0xf4d8a (size before relaxing)
 .debug_str     0x00000000000fb6e7      0x548 ./Drivers/STM32G4xx_HAL_Driver/Src/stm32g4xx_hal_spi.o
                                      0xf4f79 (size before relaxing)
 .debug_str     0x00000000000fbc2f      0xed6 ./Drivers/STM32G4xx_HAL_Driver/Src/stm32g4xx_hal_tim.o
                                      0xf5b2f (size before relaxing)
 .debug_str     0x00000000000fcb05      0x910 ./Drivers/STM32G4xx_HAL_Driver/Src/stm32g4xx_hal_tim_ex.o
                                      0xf57b3 (size before relaxing)
 .debug_str     0x00000000000fd415      0x971 ./Drivers/STM32G4xx_HAL_Driver/Src/stm32g4xx_hal_uart.o
                                      0xf55d4 (size before relaxing)
 .debug_str     0x00000000000fdd86      0x24a ./Drivers/STM32G4xx_HAL_Driver/Src/stm32g4xx_hal_uart_ex.o
                                      0xf4db8 (size before relaxing)

.comment        0x0000000000000000       0x50
 .comment       0x0000000000000000       0x50 ./Core/Src/main.o
                                         0x51 (size before relaxing)
 .comment       0x0000000000000050       0x51 ./Core/Src/stm32g4xx_hal_msp.o
 .comment       0x0000000000000050       0x51 ./Core/Src/stm32g4xx_it.o
 .comment       0x0000000000000050       0x51 ./Core/Src/system_stm32g4xx.o
 .comment       0x0000000000000050       0x51 ./Drivers/STM32G4xx_HAL_Driver/Src/stm32g4xx_hal.o
 .comment       0x0000000000000050       0x51 ./Drivers/STM32G4xx_HAL_Driver/Src/stm32g4xx_hal_cortex.o
 .comment       0x0000000000000050       0x51 ./Drivers/STM32G4xx_HAL_Driver/Src/stm32g4xx_hal_dma.o
 .comment       0x0000000000000050       0x51 ./Drivers/STM32G4xx_HAL_Driver/Src/stm32g4xx_hal_gpio.o
 .comment       0x0000000000000050       0x51 ./Drivers/STM32G4xx_HAL_Driver/Src/stm32g4xx_hal_pwr_ex.o
 .comment       0x0000000000000050       0x51 ./Drivers/STM32G4xx_HAL_Driver/Src/stm32g4xx_hal_rcc.o
 .comment       0x0000000000000050       0x51 ./Drivers/STM32G4xx_HAL_Driver/Src/stm32g4xx_hal_rcc_ex.o
 .comment       0x0000000000000050       0x51 ./Drivers/STM32G4xx_HAL_Driver/Src/stm32g4xx_hal_spi.o
 .comment       0x0000000000000050       0x51 ./Drivers/STM32G4xx_HAL_Driver/Src/stm32g4xx_hal_tim.o
 .comment       0x0000000000000050       0x51 ./Drivers/STM32G4xx_HAL_Driver/Src/stm32g4xx_hal_tim_ex.o
 .comment       0x0000000000000050       0x51 ./Drivers/STM32G4xx_HAL_Driver/Src/stm32g4xx_hal_uart.o
 .comment       0x0000000000000050       0x51 ./Drivers/STM32G4xx_HAL_Driver/Src/stm32g4xx_hal_uart_ex.o

.debug_frame    0x0000000000000000     0x4e88
 .debug_frame   0x0000000000000000      0x23c ./Core/Src/main.o
 .debug_frame   0x000000000000023c      0x11c ./Core/Src/stm32g4xx_hal_msp.o
 .debug_frame   0x0000000000000358      0x158 ./Core/Src/stm32g4xx_it.o
 .debug_frame   0x00000000000004b0       0x58 ./Core/Src/system_stm32g4xx.o
 .debug_frame   0x0000000000000508      0x4a0 ./Drivers/STM32G4xx_HAL_Driver/Src/stm32g4xx_hal.o
 .debug_frame   0x00000000000009a8      0x498 ./Drivers/STM32G4xx_HAL_Driver/Src/stm32g4xx_hal_cortex.o
 .debug_frame   0x0000000000000e40      0x24c ./Drivers/STM32G4xx_HAL_Driver/Src/stm32g4xx_hal_dma.o
 .debug_frame   0x000000000000108c      0x14c ./Drivers/STM32G4xx_HAL_Driver/Src/stm32g4xx_hal_gpio.o
 .debug_frame   0x00000000000011d8      0x4fc ./Drivers/STM32G4xx_HAL_Driver/Src/stm32g4xx_hal_pwr_ex.o
 .debug_frame   0x00000000000016d4      0x23c ./Drivers/STM32G4xx_HAL_Driver/Src/stm32g4xx_hal_rcc.o
 .debug_frame   0x0000000000001910      0x2ac ./Drivers/STM32G4xx_HAL_Driver/Src/stm32g4xx_hal_rcc_ex.o
 .debug_frame   0x0000000000001bbc      0x860 ./Drivers/STM32G4xx_HAL_Driver/Src/stm32g4xx_hal_spi.o
 .debug_frame   0x000000000000241c     0x1220 ./Drivers/STM32G4xx_HAL_Driver/Src/stm32g4xx_hal_tim.o
 .debug_frame   0x000000000000363c      0xa70 ./Drivers/STM32G4xx_HAL_Driver/Src/stm32g4xx_hal_tim_ex.o
 .debug_frame   0x00000000000040ac      0xa94 ./Drivers/STM32G4xx_HAL_Driver/Src/stm32g4xx_hal_uart.o
 .debug_frame   0x0000000000004b40      0x29c ./Drivers/STM32G4xx_HAL_Driver/Src/stm32g4xx_hal_uart_ex.o
 .debug_frame   0x0000000000004ddc       0x2c f:/stm32cubeide_1.12.0/stm32cubeide/plugins/com.st.stm32cube.ide.mcu.externaltools.gnu-tools-for-stm32.10.3-2021.10.win32_1.0.200.202301161003/tools/bin/../lib/gcc/arm-none-eabi/10.3.1/../../../../arm-none-eabi/lib/thumb/v7e-m+fp/hard\libc_nano.a(lib_a-init.o)
 .debug_frame   0x0000000000004e08       0x20 f:/stm32cubeide_1.12.0/stm32cubeide/plugins/com.st.stm32cube.ide.mcu.externaltools.gnu-tools-for-stm32.10.3-2021.10.win32_1.0.200.202301161003/tools/bin/../lib/gcc/arm-none-eabi/10.3.1/../../../../arm-none-eabi/lib/thumb/v7e-m+fp/hard\libc_nano.a(lib_a-memset.o)
 .debug_frame   0x0000000000004e28       0x2c f:/stm32cubeide_1.12.0/stm32cubeide/plugins/com.st.stm32cube.ide.mcu.externaltools.gnu-tools-for-stm32.10.3-2021.10.win32_1.0.200.202301161003/tools/bin/../lib/gcc/arm-none-eabi/10.3.1/thumb/v7e-m+fp/hard\libgcc.a(_aeabi_uldivmod.o)
 .debug_frame   0x0000000000004e54       0x34 f:/stm32cubeide_1.12.0/stm32cubeide/plugins/com.st.stm32cube.ide.mcu.externaltools.gnu-tools-for-stm32.10.3-2021.10.win32_1.0.200.202301161003/tools/bin/../lib/gcc/arm-none-eabi/10.3.1/thumb/v7e-m+fp/hard\libgcc.a(_udivmoddi4.o)
